// Vitest Snapshot v1, https://vitest.dev/guide/snapshot.html

exports[`npm > should create a project 1`] = `
[
  ".gitignore",
  ".vscode",
  ".vscode/extensions.json",
  ".vscode/launch.json",
  ".vscode/settings.json",
  "README.md",
  "astro.config.ts",
  "icons",
  "icons/languages",
  "icons/languages/css.svg",
  "icons/languages/html.svg",
  "icons/languages/js.svg",
  "icons/languages/json.svg",
  "icons/languages/markdown.svg",
  "icons/languages/sass.svg",
  "icons/languages/ts.svg",
  "package-lock.json",
  "package.json",
  "pnpm-lock.yaml",
  "public",
  "public/favicon.svg",
  "public/logo-dark.svg",
  "public/logo.svg",
  "src",
  "src/content",
  "src/content/config.ts",
  "src/content/tutorial",
  "src/content/tutorial/1-basics",
  "src/content/tutorial/1-basics/1-introduction",
  "src/content/tutorial/1-basics/1-introduction/1-welcome",
  "src/content/tutorial/1-basics/1-introduction/1-welcome/_files",
  "src/content/tutorial/1-basics/1-introduction/1-welcome/_files/counter.js",
  "src/content/tutorial/1-basics/1-introduction/1-welcome/_solution",
  "src/content/tutorial/1-basics/1-introduction/1-welcome/_solution/counter.js",
  "src/content/tutorial/1-basics/1-introduction/1-welcome/content.md",
  "src/content/tutorial/1-basics/1-introduction/meta.md",
  "src/content/tutorial/1-basics/meta.md",
  "src/content/tutorial/meta.md",
  "src/env.d.ts",
  "src/templates",
  "src/templates/default",
  "src/templates/default/.gitignore",
  "src/templates/default/counter.js",
  "src/templates/default/index.html",
  "src/templates/default/javascript.svg",
  "src/templates/default/main.js",
  "src/templates/default/package-lock.json",
  "src/templates/default/package.json",
  "src/templates/default/public",
  "src/templates/default/public/vite.svg",
  "src/templates/default/style.css",
  "tsconfig.json",
  "uno.config.ts",
  "yarn.lock",
]
`;

exports[`npm > should create and build a project 1`] = `
[
  "1-basics",
  "1-basics-1-introduction-1-welcome-files.json",
  "1-basics-1-introduction-1-welcome-solution.json",
  "1-basics/1-introduction",
  "1-basics/1-introduction/1-welcome",
  "1-basics/1-introduction/1-welcome/index.html",
  "favicon.svg",
  "index.html",
  "logo-dark.svg",
  "logo.svg",
  "template-default.json",
]
`;

exports[`pnpm > should create a project 1`] = `
[
  ".gitignore",
  ".vscode",
  ".vscode/extensions.json",
  ".vscode/launch.json",
  ".vscode/settings.json",
  "README.md",
  "astro.config.ts",
  "icons",
  "icons/languages",
  "icons/languages/css.svg",
  "icons/languages/html.svg",
  "icons/languages/js.svg",
  "icons/languages/json.svg",
  "icons/languages/markdown.svg",
  "icons/languages/sass.svg",
  "icons/languages/ts.svg",
  "package-lock.json",
  "package.json",
  "pnpm-lock.yaml",
  "public",
  "public/favicon.svg",
  "public/logo-dark.svg",
  "public/logo.svg",
  "src",
  "src/content",
  "src/content/config.ts",
  "src/content/tutorial",
  "src/content/tutorial/1-basics",
  "src/content/tutorial/1-basics/1-introduction",
  "src/content/tutorial/1-basics/1-introduction/1-welcome",
  "src/content/tutorial/1-basics/1-introduction/1-welcome/_files",
  "src/content/tutorial/1-basics/1-introduction/1-welcome/_files/counter.js",
  "src/content/tutorial/1-basics/1-introduction/1-welcome/_solution",
  "src/content/tutorial/1-basics/1-introduction/1-welcome/_solution/counter.js",
  "src/content/tutorial/1-basics/1-introduction/1-welcome/content.md",
  "src/content/tutorial/1-basics/1-introduction/meta.md",
  "src/content/tutorial/1-basics/meta.md",
  "src/content/tutorial/meta.md",
  "src/env.d.ts",
  "src/templates",
  "src/templates/default",
  "src/templates/default/.gitignore",
  "src/templates/default/counter.js",
  "src/templates/default/index.html",
  "src/templates/default/javascript.svg",
  "src/templates/default/main.js",
  "src/templates/default/package-lock.json",
  "src/templates/default/package.json",
  "src/templates/default/public",
  "src/templates/default/public/vite.svg",
  "src/templates/default/style.css",
  "tsconfig.json",
  "uno.config.ts",
  "yarn.lock",
]
`;

exports[`pnpm > should create and build a project 1`] = `
[
  "1-basics",
  "1-basics-1-introduction-1-welcome-files.json",
  "1-basics-1-introduction-1-welcome-solution.json",
  "1-basics/1-introduction",
  "1-basics/1-introduction/1-welcome",
  "1-basics/1-introduction/1-welcome/index.html",
  "favicon.svg",
  "index.html",
  "logo-dark.svg",
  "logo.svg",
  "template-default.json",
]
`;

exports[`yarn > should create a project 1`] = `
[
  ".gitignore",
  ".vscode",
  ".vscode/extensions.json",
  ".vscode/launch.json",
  ".vscode/settings.json",
  "README.md",
  "astro.config.ts",
  "icons",
  "icons/languages",
  "icons/languages/css.svg",
  "icons/languages/html.svg",
  "icons/languages/js.svg",
  "icons/languages/json.svg",
  "icons/languages/markdown.svg",
  "icons/languages/sass.svg",
  "icons/languages/ts.svg",
  "package-lock.json",
  "package.json",
  "pnpm-lock.yaml",
  "public",
  "public/favicon.svg",
  "public/logo-dark.svg",
  "public/logo.svg",
  "src",
  "src/content",
  "src/content/config.ts",
  "src/content/tutorial",
  "src/content/tutorial/1-basics",
  "src/content/tutorial/1-basics/1-introduction",
  "src/content/tutorial/1-basics/1-introduction/1-welcome",
  "src/content/tutorial/1-basics/1-introduction/1-welcome/_files",
  "src/content/tutorial/1-basics/1-introduction/1-welcome/_files/counter.js",
  "src/content/tutorial/1-basics/1-introduction/1-welcome/_solution",
  "src/content/tutorial/1-basics/1-introduction/1-welcome/_solution/counter.js",
  "src/content/tutorial/1-basics/1-introduction/1-welcome/content.md",
  "src/content/tutorial/1-basics/1-introduction/meta.md",
  "src/content/tutorial/1-basics/meta.md",
  "src/content/tutorial/meta.md",
  "src/env.d.ts",
  "src/templates",
  "src/templates/default",
  "src/templates/default/.gitignore",
  "src/templates/default/counter.js",
  "src/templates/default/index.html",
  "src/templates/default/javascript.svg",
  "src/templates/default/main.js",
  "src/templates/default/package-lock.json",
  "src/templates/default/package.json",
  "src/templates/default/public",
  "src/templates/default/public/vite.svg",
  "src/templates/default/style.css",
  "tsconfig.json",
  "uno.config.ts",
  "yarn.lock",
]
`;

exports[`yarn > should create and build a project 1`] = `
[
  "1-basics",
  "1-basics-1-introduction-1-welcome-files.json",
  "1-basics-1-introduction-1-welcome-solution.json",
  "1-basics/1-introduction",
  "1-basics/1-introduction/1-welcome",
  "1-basics/1-introduction/1-welcome/index.html",
  "favicon.svg",
  "index.html",
  "logo-dark.svg",
  "logo.svg",
  "template-default.json",
]
`;
